../Core/Src/main.c:97:5:main	16	static
../Core/Src/main.c:306:6:SystemClock_Config	80	static
../Core/Src/main.c:341:13:MX_TIM14_Init	8	static
../Core/Src/main.c:372:13:MX_GPIO_Init	48	static
../Core/Src/main.c:419:13:printDigit7Seg	16	static
../Core/Src/main.c:545:6:HAL_TIM_PeriodElapsedCallback	16	static
../Core/Src/main.c:550:13:Timer_Start	8	static
../Core/Src/main.c:556:13:Timer_Stop	8	static
../Core/Src/main.c:562:12:Timer_IsRunning	8	static
../Core/Src/main.c:573:6:Error_Handler	8	static,ignoring_inline_asm
